 Context: argo.example.com                                                           Argonaut dev 
 ╭────────────────────────────────────────────────────────────────────────────────────────────────╮ 
 │ Application [my-app] (Healthy, Synced)                                                         │ 
 │ ├── Deployment [production/api-server] (Healthy)                                               │ 
 │ ├── Service [production/api-server] (Healthy)                                                  │ 
 │ └── ConfigMap [produc                                                                          │ 
 │                       ╭────────────────────────────────────────────────╮                       │ 
 │                       │                                                │                       │ 
 │                       │     Delete Deployment/production/api-server?   │                       │ 
 │                       │                                                │                       │ 
 │                       │                    Delete (y)                  │                       │ 
 │                       │                                                │                       │ 
 │                       │      c: Cascade On (all resources deleted)     │                       │ 
 │                       │     p: Policy foreground (wait for cleanup)    │                       │ 
 │                       │                   f: Force Off                 │                       │ 
 │                       │                                                │                       │ 
 │                       ╰────────────────────────────────────────────────╯                       │ 
 │                                                                                                │ 
 │                                                                                                │ 
 │                                                                                                │ 
 │                                                                                                │ 
 ╰────────────────────────────────────────────────────────────────────────────────────────────────╯ 
 <tree>                                                                                 Ready • 2/4 
