 Context: argo.example.com                                                           Argonaut dev 
 ╭────────────────────────────────────────────────────────────────────────────────────────────────╮ 
 │ Application [multi-app] (Healthy, Synced)                                                      │ 
 │ ├── Deployment [staging/backend] (Healthy)                                                     │
 │ ├── Service [staging/backend-svc] (Healthy)                                                    │
 │ ├── Deployment [stagi                                                                          │
 │ └── Service [staging/ ╭────────────────────────────────────────────────╮                       │ 
 │                       │                                                │                       │ 
 │                       │              Delete 3 resource(s)?             │                       │ 
 │                       │                                                │                       │ 
 │                       │                    Delete (y)                  │                       │ 
 │                       │                                                │                       │ 
 │                       │      c: Cascade On (all resources deleted)     │                       │ 
 │                       │       p: Policy background (async cleanup)     │                       │ 
 │                       │                   f: Force Off                 │                       │ 
 │                       │                                                │                       │ 
 │                       ╰────────────────────────────────────────────────╯                       │ 
 │                                                                                                │ 
 │                                                                                                │ 
 │                                                                                                │ 
 │                                                                                                │ 
 ╰────────────────────────────────────────────────────────────────────────────────────────────────╯ 
 <tree>                                                                                 Ready • 4/5 
